CREATE EXTENSION tsvector2;
CREATE TABLE test_tsvector2(
	t text,
	a tsvector2
);
COPY test_tsvector2 FROM '/home/ildus/dev/tsvector2/data/tsearch.data';
ANALYZE test_tsvector2;
